// Jest Snapshot v1, https://goo.gl/fbAQLP

exports[`<Channels /> spec renders the component 1`] = `
Object {
  "asFragment": [Function],
  "baseElement": <body>
    <div>
      <div
        class="sc-bdvvaa cQfXqj"
      >
        <div
          class="sc-egiSv bvyLrL"
        >
          <div
            class="sc-iqsfdx iToDHF"
          >
            <h2
              class="sc-crHlIS jiFitH"
            >
              Chat
            </h2>
          </div>
          <div
            class="sc-kDThTU jihaaO"
          >
            <a
              href="/channel/create"
            >
              <svg
                aria-hidden="true"
                class="svg-inline--fa fa-comment-alt-plus fa-w-16 "
                data-icon="comment-alt-plus"
                data-prefix="far"
                focusable="false"
                role="img"
                viewBox="0 0 512 512"
                xmlns="http://www.w3.org/2000/svg"
              >
                <path
                  d="M448 0H64C28.7 0 0 28.7 0 64v288c0 35.3 28.7 64 64 64h96v84c0 7.1 5.8 12 12 12 2.4 0 4.9-.7 7.1-2.4L304 416h144c35.3 0 64-28.7 64-64V64c0-35.3-28.7-64-64-64zm16 352c0 8.8-7.2 16-16 16H288l-12.8 9.6L208 428v-60H64c-8.8 0-16-7.2-16-16V64c0-8.8 7.2-16 16-16h384c8.8 0 16 7.2 16 16v288zM336 184h-56v-56c0-8.8-7.2-16-16-16h-16c-8.8 0-16 7.2-16 16v56h-56c-8.8 0-16 7.2-16 16v16c0 8.8 7.2 16 16 16h56v56c0 8.8 7.2 16 16 16h16c8.8 0 16-7.2 16-16v-56h56c8.8 0 16-7.2 16-16v-16c0-8.8-7.2-16-16-16z"
                  fill="currentColor"
                />
              </svg>
            </a>
          </div>
        </div>
        <div
          class="sc-gsDJrp eZKoEd"
        >
          <ul
            class="sc-dkPtyc eLDXiK"
          />
        </div>
      </div>
    </div>
  </body>,
  "container": <div>
    <div
      class="sc-bdvvaa cQfXqj"
    >
      <div
        class="sc-egiSv bvyLrL"
      >
        <div
          class="sc-iqsfdx iToDHF"
        >
          <h2
            class="sc-crHlIS jiFitH"
          >
            Chat
          </h2>
        </div>
        <div
          class="sc-kDThTU jihaaO"
        >
          <a
            href="/channel/create"
          >
            <svg
              aria-hidden="true"
              class="svg-inline--fa fa-comment-alt-plus fa-w-16 "
              data-icon="comment-alt-plus"
              data-prefix="far"
              focusable="false"
              role="img"
              viewBox="0 0 512 512"
              xmlns="http://www.w3.org/2000/svg"
            >
              <path
                d="M448 0H64C28.7 0 0 28.7 0 64v288c0 35.3 28.7 64 64 64h96v84c0 7.1 5.8 12 12 12 2.4 0 4.9-.7 7.1-2.4L304 416h144c35.3 0 64-28.7 64-64V64c0-35.3-28.7-64-64-64zm16 352c0 8.8-7.2 16-16 16H288l-12.8 9.6L208 428v-60H64c-8.8 0-16-7.2-16-16V64c0-8.8 7.2-16 16-16h384c8.8 0 16 7.2 16 16v288zM336 184h-56v-56c0-8.8-7.2-16-16-16h-16c-8.8 0-16 7.2-16 16v56h-56c-8.8 0-16 7.2-16 16v16c0 8.8 7.2 16 16 16h56v56c0 8.8 7.2 16 16 16h16c8.8 0 16-7.2 16-16v-56h56c8.8 0 16-7.2 16-16v-16c0-8.8-7.2-16-16-16z"
                fill="currentColor"
              />
            </svg>
          </a>
        </div>
      </div>
      <div
        class="sc-gsDJrp eZKoEd"
      >
        <ul
          class="sc-dkPtyc eLDXiK"
        />
      </div>
    </div>
  </div>,
  "debug": [Function],
  "findAllByAltText": [Function],
  "findAllByDisplayValue": [Function],
  "findAllByLabelText": [Function],
  "findAllByPlaceholderText": [Function],
  "findAllByRole": [Function],
  "findAllByTestId": [Function],
  "findAllByText": [Function],
  "findAllByTitle": [Function],
  "findByAltText": [Function],
  "findByDisplayValue": [Function],
  "findByLabelText": [Function],
  "findByPlaceholderText": [Function],
  "findByRole": [Function],
  "findByTestId": [Function],
  "findByText": [Function],
  "findByTitle": [Function],
  "getAllByAltText": [Function],
  "getAllByDisplayValue": [Function],
  "getAllByLabelText": [Function],
  "getAllByPlaceholderText": [Function],
  "getAllByRole": [Function],
  "getAllByTestId": [Function],
  "getAllByText": [Function],
  "getAllByTitle": [Function],
  "getByAltText": [Function],
  "getByDisplayValue": [Function],
  "getByLabelText": [Function],
  "getByPlaceholderText": [Function],
  "getByRole": [Function],
  "getByTestId": [Function],
  "getByText": [Function],
  "getByTitle": [Function],
  "queryAllByAltText": [Function],
  "queryAllByDisplayValue": [Function],
  "queryAllByLabelText": [Function],
  "queryAllByPlaceholderText": [Function],
  "queryAllByRole": [Function],
  "queryAllByTestId": [Function],
  "queryAllByText": [Function],
  "queryAllByTitle": [Function],
  "queryByAltText": [Function],
  "queryByDisplayValue": [Function],
  "queryByLabelText": [Function],
  "queryByPlaceholderText": [Function],
  "queryByRole": [Function],
  "queryByTestId": [Function],
  "queryByText": [Function],
  "queryByTitle": [Function],
  "rerender": [Function],
  "unmount": [Function],
}
`;
